Archive member included because of file (symbol)

d:/soft/atmel/extensions/atmel/avrgcc/3.3.2.31/avrtoolchain/bin/../lib/gcc/avr/4.5.1/../../../../avr/lib/avr5\libm.a(fixunssfsi.o)
                              Arduino.o (__fixunssfsi)
d:/soft/atmel/extensions/atmel/avrgcc/3.3.2.31/avrtoolchain/bin/../lib/gcc/avr/4.5.1/../../../../avr/lib/avr5\libm.a(floatsisf.o)
                              Arduino.o (__floatunsisf)
d:/soft/atmel/extensions/atmel/avrgcc/3.3.2.31/avrtoolchain/bin/../lib/gcc/avr/4.5.1/../../../../avr/lib/avr5\libm.a(fp_split3.o)
                              d:/soft/atmel/extensions/atmel/avrgcc/3.3.2.31/avrtoolchain/bin/../lib/gcc/avr/4.5.1/../../../../avr/lib/avr5\libm.a(fixunssfsi.o) (__fp_splitA)
d:/soft/atmel/extensions/atmel/avrgcc/3.3.2.31/avrtoolchain/bin/../lib/gcc/avr/4.5.1/../../../../avr/lib/avr5\libm.a(fp_zero.o)
                              d:/soft/atmel/extensions/atmel/avrgcc/3.3.2.31/avrtoolchain/bin/../lib/gcc/avr/4.5.1/../../../../avr/lib/avr5\libm.a(fixunssfsi.o) (__fp_zero)
d:/soft/atmel/extensions/atmel/avrgcc/3.3.2.31/avrtoolchain/bin/../lib/gcc/avr/4.5.1/avr5\libgcc.a(_exit.o)
                              d:/soft/atmel/extensions/atmel/avrgcc/3.3.2.31/avrtoolchain/bin/../lib/gcc/avr/4.5.1/../../../../avr/lib/avr5/crtm328p.o (exit)
d:/soft/atmel/extensions/atmel/avrgcc/3.3.2.31/avrtoolchain/bin/../lib/gcc/avr/4.5.1/avr5\libgcc.a(_clear_bss.o)
                              Arduino.o (__do_clear_bss)

Memory Configuration

Name             Origin             Length             Attributes
text             0x00000000         0x00020000         xr
data             0x00800060         0x0000ffa0         rw !x
eeprom           0x00810000         0x00010000         rw !x
fuse             0x00820000         0x00000400         rw !x
lock             0x00830000         0x00000400         rw !x
signature        0x00840000         0x00000400         rw !x
*default*        0x00000000         0xffffffff

Linker script and memory map

Address of section .data set to 0x800100
LOAD d:/soft/atmel/extensions/atmel/avrgcc/3.3.2.31/avrtoolchain/bin/../lib/gcc/avr/4.5.1/../../../../avr/lib/avr5/crtm328p.o
LOAD Arduino.o
START GROUP
LOAD d:/soft/atmel/extensions/atmel/avrgcc/3.3.2.31/avrtoolchain/bin/../lib/gcc/avr/4.5.1/../../../../avr/lib/avr5\libm.a
END GROUP
LOAD d:/soft/atmel/extensions/atmel/avrgcc/3.3.2.31/avrtoolchain/bin/../lib/gcc/avr/4.5.1/avr5\libgcc.a
LOAD d:/soft/atmel/extensions/atmel/avrgcc/3.3.2.31/avrtoolchain/bin/../lib/gcc/avr/4.5.1/../../../../avr/lib/avr5\libc.a
LOAD d:/soft/atmel/extensions/atmel/avrgcc/3.3.2.31/avrtoolchain/bin/../lib/gcc/avr/4.5.1/avr5\libgcc.a

.hash
 *(.hash)

.dynsym
 *(.dynsym)

.dynstr
 *(.dynstr)

.gnu.version
 *(.gnu.version)

.gnu.version_d
 *(.gnu.version_d)

.gnu.version_r
 *(.gnu.version_r)

.rel.init
 *(.rel.init)

.rela.init
 *(.rela.init)

.rel.text
 *(.rel.text)
 *(.rel.text.*)
 *(.rel.gnu.linkonce.t*)

.rela.text
 *(.rela.text)
 *(.rela.text.*)
 *(.rela.gnu.linkonce.t*)

.rel.fini
 *(.rel.fini)

.rela.fini
 *(.rela.fini)

.rel.rodata
 *(.rel.rodata)
 *(.rel.rodata.*)
 *(.rel.gnu.linkonce.r*)

.rela.rodata
 *(.rela.rodata)
 *(.rela.rodata.*)
 *(.rela.gnu.linkonce.r*)

.rel.data
 *(.rel.data)
 *(.rel.data.*)
 *(.rel.gnu.linkonce.d*)

.rela.data
 *(.rela.data)
 *(.rela.data.*)
 *(.rela.gnu.linkonce.d*)

.rel.ctors
 *(.rel.ctors)

.rela.ctors
 *(.rela.ctors)

.rel.dtors
 *(.rel.dtors)

.rela.dtors
 *(.rela.dtors)

.rel.got
 *(.rel.got)

.rela.got
 *(.rela.got)

.rel.bss
 *(.rel.bss)

.rela.bss
 *(.rela.bss)

.rel.plt
 *(.rel.plt)

.rela.plt
 *(.rela.plt)

.text           0x00000000      0x2da
 *(.vectors)
 .vectors       0x00000000       0x68 d:/soft/atmel/extensions/atmel/avrgcc/3.3.2.31/avrtoolchain/bin/../lib/gcc/avr/4.5.1/../../../../avr/lib/avr5/crtm328p.o
                0x00000000                __vector_default
                0x00000000                __vectors
 *(.vectors)
 *(.progmem.gcc*)
 *(.progmem*)
                0x00000068                . = ALIGN (0x2)
                0x00000068                __trampolines_start = .
 *(.trampolines)
 .trampolines   0x00000068        0x0 linker stubs
 *(.trampolines*)
                0x00000068                __trampolines_end = .
 *(.jumptables)
 *(.jumptables*)
 *(.lowtext)
 *(.lowtext*)
                0x00000068                __ctors_start = .
 *(.ctors)
                0x00000068                __ctors_end = .
                0x00000068                __dtors_start = .
 *(.dtors)
                0x00000068                __dtors_end = .
 SORT(*)(.ctors)
 SORT(*)(.dtors)
 *(.init0)
 .init0         0x00000068        0x0 d:/soft/atmel/extensions/atmel/avrgcc/3.3.2.31/avrtoolchain/bin/../lib/gcc/avr/4.5.1/../../../../avr/lib/avr5/crtm328p.o
                0x00000068                __init
 *(.init0)
 *(.init1)
 *(.init1)
 *(.init2)
 .init2         0x00000068        0xc d:/soft/atmel/extensions/atmel/avrgcc/3.3.2.31/avrtoolchain/bin/../lib/gcc/avr/4.5.1/../../../../avr/lib/avr5/crtm328p.o
 *(.init2)
 *(.init3)
 *(.init3)
 *(.init4)
 .init4         0x00000074       0x10 d:/soft/atmel/extensions/atmel/avrgcc/3.3.2.31/avrtoolchain/bin/../lib/gcc/avr/4.5.1/avr5\libgcc.a(_clear_bss.o)
                0x00000074                __do_clear_bss
 *(.init4)
 *(.init5)
 *(.init5)
 *(.init6)
 *(.init6)
 *(.init7)
 *(.init7)
 *(.init8)
 *(.init8)
 *(.init9)
 .init9         0x00000084        0x8 d:/soft/atmel/extensions/atmel/avrgcc/3.3.2.31/avrtoolchain/bin/../lib/gcc/avr/4.5.1/../../../../avr/lib/avr5/crtm328p.o
 *(.init9)
 *(.text)
 .text          0x0000008c        0x4 d:/soft/atmel/extensions/atmel/avrgcc/3.3.2.31/avrtoolchain/bin/../lib/gcc/avr/4.5.1/../../../../avr/lib/avr5/crtm328p.o
                0x0000008c                __vector_22
                0x0000008c                __vector_1
                0x0000008c                __vector_24
                0x0000008c                __vector_12
                0x0000008c                __bad_interrupt
                0x0000008c                __vector_6
                0x0000008c                __vector_3
                0x0000008c                __vector_23
                0x0000008c                __vector_25
                0x0000008c                __vector_11
                0x0000008c                __vector_13
                0x0000008c                __vector_17
                0x0000008c                __vector_19
                0x0000008c                __vector_7
                0x0000008c                __vector_5
                0x0000008c                __vector_4
                0x0000008c                __vector_9
                0x0000008c                __vector_2
                0x0000008c                __vector_15
                0x0000008c                __vector_8
                0x0000008c                __vector_14
                0x0000008c                __vector_10
                0x0000008c                __vector_18
                0x0000008c                __vector_20
 .text          0x00000090      0x122 Arduino.o
                0x00000090                adcConvert
                0x0000009c                main
                0x000000ec                __vector_21
                0x00000154                __vector_16
 .text          0x000001b2        0x0 d:/soft/atmel/extensions/atmel/avrgcc/3.3.2.31/avrtoolchain/bin/../lib/gcc/avr/4.5.1/../../../../avr/lib/avr5\libm.a(fixunssfsi.o)
 .text          0x000001b2        0x0 d:/soft/atmel/extensions/atmel/avrgcc/3.3.2.31/avrtoolchain/bin/../lib/gcc/avr/4.5.1/../../../../avr/lib/avr5\libm.a(floatsisf.o)
 .text          0x000001b2        0x0 d:/soft/atmel/extensions/atmel/avrgcc/3.3.2.31/avrtoolchain/bin/../lib/gcc/avr/4.5.1/../../../../avr/lib/avr5\libm.a(fp_split3.o)
 .text          0x000001b2        0x0 d:/soft/atmel/extensions/atmel/avrgcc/3.3.2.31/avrtoolchain/bin/../lib/gcc/avr/4.5.1/../../../../avr/lib/avr5\libm.a(fp_zero.o)
 .text          0x000001b2        0x0 d:/soft/atmel/extensions/atmel/avrgcc/3.3.2.31/avrtoolchain/bin/../lib/gcc/avr/4.5.1/avr5\libgcc.a(_exit.o)
 .text          0x000001b2        0x0 d:/soft/atmel/extensions/atmel/avrgcc/3.3.2.31/avrtoolchain/bin/../lib/gcc/avr/4.5.1/avr5\libgcc.a(_clear_bss.o)
                0x000001b2                . = ALIGN (0x2)
 *(.text.*)
 .text.avr-libc.fplib
                0x000001b2       0x58 d:/soft/atmel/extensions/atmel/avrgcc/3.3.2.31/avrtoolchain/bin/../lib/gcc/avr/4.5.1/../../../../avr/lib/avr5\libm.a(fixunssfsi.o)
                0x000001b2                __fixunssfsi
 .text.avr-libc.fplib
                0x0000020a       0x7a d:/soft/atmel/extensions/atmel/avrgcc/3.3.2.31/avrtoolchain/bin/../lib/gcc/avr/4.5.1/../../../../avr/lib/avr5\libm.a(floatsisf.o)
                0x0000020a                __floatunsisf
                0x0000020e                __floatsisf
 .text.avr-libc.fplib
                0x00000284       0x44 d:/soft/atmel/extensions/atmel/avrgcc/3.3.2.31/avrtoolchain/bin/../lib/gcc/avr/4.5.1/../../../../avr/lib/avr5\libm.a(fp_split3.o)
                0x00000284                __fp_split3
                0x00000294                __fp_splitA
 .text.avr-libc.fplib
                0x000002c8        0xe d:/soft/atmel/extensions/atmel/avrgcc/3.3.2.31/avrtoolchain/bin/../lib/gcc/avr/4.5.1/../../../../avr/lib/avr5\libm.a(fp_zero.o)
                0x000002c8                __fp_zero
                0x000002ca                __fp_szero
 .text.libgcc   0x000002d6        0x0 d:/soft/atmel/extensions/atmel/avrgcc/3.3.2.31/avrtoolchain/bin/../lib/gcc/avr/4.5.1/avr5\libgcc.a(_exit.o)
 .text.libgcc   0x000002d6        0x0 d:/soft/atmel/extensions/atmel/avrgcc/3.3.2.31/avrtoolchain/bin/../lib/gcc/avr/4.5.1/avr5\libgcc.a(_clear_bss.o)
                0x000002d6                . = ALIGN (0x2)
 *(.fini9)
 .fini9         0x000002d6        0x0 d:/soft/atmel/extensions/atmel/avrgcc/3.3.2.31/avrtoolchain/bin/../lib/gcc/avr/4.5.1/avr5\libgcc.a(_exit.o)
                0x000002d6                _exit
                0x000002d6                exit
 *(.fini9)
 *(.fini8)
 *(.fini8)
 *(.fini7)
 *(.fini7)
 *(.fini6)
 *(.fini6)
 *(.fini5)
 *(.fini5)
 *(.fini4)
 *(.fini4)
 *(.fini3)
 *(.fini3)
 *(.fini2)
 *(.fini2)
 *(.fini1)
 *(.fini1)
 *(.fini0)
 .fini0         0x000002d6        0x4 d:/soft/atmel/extensions/atmel/avrgcc/3.3.2.31/avrtoolchain/bin/../lib/gcc/avr/4.5.1/avr5\libgcc.a(_exit.o)
 *(.fini0)
                0x000002da                _etext = .

.data           0x00800100        0x0 load address 0x000002da
                0x00800100                PROVIDE (__data_start, .)
 *(.data)
 .data          0x00800100        0x0 d:/soft/atmel/extensions/atmel/avrgcc/3.3.2.31/avrtoolchain/bin/../lib/gcc/avr/4.5.1/../../../../avr/lib/avr5/crtm328p.o
 .data          0x00800100        0x0 Arduino.o
 .data          0x00800100        0x0 d:/soft/atmel/extensions/atmel/avrgcc/3.3.2.31/avrtoolchain/bin/../lib/gcc/avr/4.5.1/../../../../avr/lib/avr5\libm.a(fixunssfsi.o)
 .data          0x00800100        0x0 d:/soft/atmel/extensions/atmel/avrgcc/3.3.2.31/avrtoolchain/bin/../lib/gcc/avr/4.5.1/../../../../avr/lib/avr5\libm.a(floatsisf.o)
 .data          0x00800100        0x0 d:/soft/atmel/extensions/atmel/avrgcc/3.3.2.31/avrtoolchain/bin/../lib/gcc/avr/4.5.1/../../../../avr/lib/avr5\libm.a(fp_split3.o)
 .data          0x00800100        0x0 d:/soft/atmel/extensions/atmel/avrgcc/3.3.2.31/avrtoolchain/bin/../lib/gcc/avr/4.5.1/../../../../avr/lib/avr5\libm.a(fp_zero.o)
 .data          0x00800100        0x0 d:/soft/atmel/extensions/atmel/avrgcc/3.3.2.31/avrtoolchain/bin/../lib/gcc/avr/4.5.1/avr5\libgcc.a(_exit.o)
 .data          0x00800100        0x0 d:/soft/atmel/extensions/atmel/avrgcc/3.3.2.31/avrtoolchain/bin/../lib/gcc/avr/4.5.1/avr5\libgcc.a(_clear_bss.o)
 *(.data*)
 *(.rodata)
 *(.rodata*)
 *(.gnu.linkonce.d*)
                0x00800100                . = ALIGN (0x2)
                0x00800100                _edata = .
                0x00800100                PROVIDE (__data_end, .)

.bss            0x00800100        0x4
                0x00800100                PROVIDE (__bss_start, .)
 *(.bss)
 .bss           0x00800100        0x0 d:/soft/atmel/extensions/atmel/avrgcc/3.3.2.31/avrtoolchain/bin/../lib/gcc/avr/4.5.1/../../../../avr/lib/avr5/crtm328p.o
 .bss           0x00800100        0x4 Arduino.o
                0x00800100                pwm
 .bss           0x00800104        0x0 d:/soft/atmel/extensions/atmel/avrgcc/3.3.2.31/avrtoolchain/bin/../lib/gcc/avr/4.5.1/../../../../avr/lib/avr5\libm.a(fixunssfsi.o)
 .bss           0x00800104        0x0 d:/soft/atmel/extensions/atmel/avrgcc/3.3.2.31/avrtoolchain/bin/../lib/gcc/avr/4.5.1/../../../../avr/lib/avr5\libm.a(floatsisf.o)
 .bss           0x00800104        0x0 d:/soft/atmel/extensions/atmel/avrgcc/3.3.2.31/avrtoolchain/bin/../lib/gcc/avr/4.5.1/../../../../avr/lib/avr5\libm.a(fp_split3.o)
 .bss           0x00800104        0x0 d:/soft/atmel/extensions/atmel/avrgcc/3.3.2.31/avrtoolchain/bin/../lib/gcc/avr/4.5.1/../../../../avr/lib/avr5\libm.a(fp_zero.o)
 .bss           0x00800104        0x0 d:/soft/atmel/extensions/atmel/avrgcc/3.3.2.31/avrtoolchain/bin/../lib/gcc/avr/4.5.1/avr5\libgcc.a(_exit.o)
 .bss           0x00800104        0x0 d:/soft/atmel/extensions/atmel/avrgcc/3.3.2.31/avrtoolchain/bin/../lib/gcc/avr/4.5.1/avr5\libgcc.a(_clear_bss.o)
 *(.bss*)
 *(COMMON)
                0x00800104                PROVIDE (__bss_end, .)
                0x000002da                __data_load_start = LOADADDR (.data)
                0x000002da                __data_load_end = (__data_load_start + SIZEOF (.data))

.noinit         0x00800104        0x0
                0x00800104                PROVIDE (__noinit_start, .)
 *(.noinit*)
                0x00800104                PROVIDE (__noinit_end, .)
                0x00800104                _end = .
                0x00800104                PROVIDE (__heap_start, .)

.eeprom         0x00810000        0x0
 *(.eeprom*)
                0x00810000                __eeprom_end = .

.fuse
 *(.fuse)
 *(.lfuse)
 *(.hfuse)
 *(.efuse)

.lock
 *(.lock*)

.signature
 *(.signature*)

.stab           0x00000000      0xe88
 *(.stab)
 .stab          0x00000000      0x6cc d:/soft/atmel/extensions/atmel/avrgcc/3.3.2.31/avrtoolchain/bin/../lib/gcc/avr/4.5.1/../../../../avr/lib/avr5/crtm328p.o
 .stab          0x000006cc      0x240 d:/soft/atmel/extensions/atmel/avrgcc/3.3.2.31/avrtoolchain/bin/../lib/gcc/avr/4.5.1/../../../../avr/lib/avr5\libm.a(fixunssfsi.o)
                                0x24c (size before relaxing)
 .stab          0x0000090c      0x318 d:/soft/atmel/extensions/atmel/avrgcc/3.3.2.31/avrtoolchain/bin/../lib/gcc/avr/4.5.1/../../../../avr/lib/avr5\libm.a(floatsisf.o)
                                0x324 (size before relaxing)
 .stab          0x00000c24      0x1d4 d:/soft/atmel/extensions/atmel/avrgcc/3.3.2.31/avrtoolchain/bin/../lib/gcc/avr/4.5.1/../../../../avr/lib/avr5\libm.a(fp_split3.o)
                                0x1e0 (size before relaxing)
 .stab          0x00000df8       0x90 d:/soft/atmel/extensions/atmel/avrgcc/3.3.2.31/avrtoolchain/bin/../lib/gcc/avr/4.5.1/../../../../avr/lib/avr5\libm.a(fp_zero.o)
                                 0x9c (size before relaxing)

.stabstr        0x00000000      0x26e
 *(.stabstr)
 .stabstr       0x00000000      0x26e d:/soft/atmel/extensions/atmel/avrgcc/3.3.2.31/avrtoolchain/bin/../lib/gcc/avr/4.5.1/../../../../avr/lib/avr5/crtm328p.o

.stab.excl
 *(.stab.excl)

.stab.exclstr
 *(.stab.exclstr)

.stab.index
 *(.stab.index)

.stab.indexstr
 *(.stab.indexstr)

.comment
 *(.comment)

.debug
 *(.debug)

.line
 *(.line)

.debug_srcinfo
 *(.debug_srcinfo)

.debug_sfnames
 *(.debug_sfnames)

.debug_aranges  0x00000000       0x20
 *(.debug_aranges)
 .debug_aranges
                0x00000000       0x20 Arduino.o

.debug_pubnames
                0x00000000       0x52
 *(.debug_pubnames)
 .debug_pubnames
                0x00000000       0x52 Arduino.o

.debug_info     0x00000000      0x105
 *(.debug_info)
 .debug_info    0x00000000      0x105 Arduino.o
 *(.gnu.linkonce.wi.*)

.debug_abbrev   0x00000000       0xb0
 *(.debug_abbrev)
 .debug_abbrev  0x00000000       0xb0 Arduino.o

.debug_line     0x00000000      0x19b
 *(.debug_line)
 .debug_line    0x00000000      0x19b Arduino.o

.debug_frame    0x00000000       0x50
 *(.debug_frame)
 .debug_frame   0x00000000       0x50 Arduino.o

.debug_str      0x00000000       0xad
 *(.debug_str)
 .debug_str     0x00000000       0xad Arduino.o
                                 0xe1 (size before relaxing)

.debug_loc
 *(.debug_loc)

.debug_macinfo
 *(.debug_macinfo)
OUTPUT(Arduino.elf elf32-avr)
LOAD linker stubs

.debug_pubtypes
                0x00000000       0x2b
 .debug_pubtypes
                0x00000000       0x2b Arduino.o
